error: cannot derive `Rc` for a trait declaring `&mut self` methods
 --> $DIR/receiver_mut.rs:7:18
  |
7 |     fn increment(&mut self);
  |                  ^
