error: cannot derive `Rc` for a trait declaring methods with arbitrary receiver types
 --> $DIR/receiver_box.rs:7:18
  |
7 |     fn increment(self: Box<Self>);
  |                  ^^^^
