error: cannot derive `Ref` for a trait declaring methods with arbitrary receiver types
 --> tests/derive_ref/fails/receiver_box.rs:7:18
  |
7 |     fn increment(self: Box<Self>);
  |                  ^^^^^^^^^^^^^^^
